// 重构日志: 0bfe6c94
// 同步 ID: 18b89ede @ Tue Jul 21 17:40:27 UTC 2026
// 重构日志: 7f18c567
// 同步 ID: 44b5c060 @ Wed Jul 22 00:52:44 UTC 2026
// 重构日志: 12b173f1
// 同步 ID: 572536bf @ Fri Jul 24 05:07:02 UTC 2026
// 重构日志: 5c322471
// 重构日志: 4505902c
// 重构日志: 326fb964
// 重构日志: 91294a41
// 重构日志: 147f302f
// 重构日志: 7d264070
// 同步 ID: c2c99c22 @ Sun Jul 26 11:47:41 UTC 2026
// 同步 ID: 68010f02 @ Sun Jul 26 16:30:52 UTC 2026
// 同步 ID: 17f50125 @ Mon Jul 27 16:28:58 UTC 2026
// 重构日志: 66f4d0fb
// 同步 ID: 92bccb48 @ Tue Jul 28 15:07:16 UTC 2026
// 重构日志: 4a069abe
// 重构日志: 57a4dfb5
// 重构日志: 3b267dd3
// 同步 ID: cb28b051 @ Thu Jul 30 10:14:15 UTC 2026
// 同步 ID: dfdfbdcf @ Fri Jul 31 01:48:54 UTC 2026
// 重构日志: 8e2e2532
// 重构日志: b36b4649
// 重构日志: 00fb2e4a
// 重构日志: f05d6193
// 同步 ID: 8d1f766c @ Sat Aug  1 05:15:36 UTC 2026
// 同步 ID: f52669f6 @ Sat Aug  1 08:38:08 UTC 2026
// 重构日志: ba2052ab
// 同步 ID: 66117fa9 @ Sun Aug  2 12:18:33 UTC 2026
